// Jest Snapshot v1, https://goo.gl/fbAQLP

exports[`<Items/> has a valid snapshot 1`] = `
<div>
  <button
    className="btn btn-success"
    data-target="#myModal"
    data-toggle="modal"
    type="button"
  >
    Add Items
  </button>
  <div>
    <div
      className="modal fade"
      id="myModal"
      role="dialog"
    >
      <div
        className="modal-dialog"
      >
        <div
          className="modal-content"
        >
          <div
            className="modal-header"
          >
            <h4>
              Add item
            </h4>
            <button
              className="close"
              data-dismiss="modal"
              id="close2"
              type="button"
            >
              ×
            </button>
          </div>
          <div
            className="modal-body"
          >
            <form
              className="register-form"
              id="create_form"
              method="POST"
              name="create_form"
              onSubmit={[Function]}
            >
              <div
                className="form-group"
              >
                NAME:
                <input
                  className="form-control"
                  id="name"
                  name="name"
                  onChange={[Function]}
                  required={true}
                  type="text"
                  value=""
                />
              </div>
              <div
                className="form-group"
              >
                PRICE:
                <input
                  className="form-control"
                  id="price"
                  name="price"
                  onChange={[Function]}
                  required={true}
                  type="text"
                  value=""
                />
              </div>
              <button
                className="btn btn-info "
                type="submit"
              >
                Save Item
              </button>
            </form>
          </div>
        </div>
      </div>
    </div>
  </div>
  <div
    className="itemsheader"
  >
    <h2>
      test
      's items
    </h2>
  </div>
  <div
    className="form-inline align-content"
  >
    <form
      className="form-inline align-content"
      onSubmit={[Function]}
    >
      <input
        aria-label="Search"
        className="form-control mr-sm-2"
        min="0"
        name="search"
        placeholder="Search"
        required={true}
        step="1"
        type="search"
      />
      <button
        type="submit"
      >
        <i
          className="fa fa-search"
        />
      </button>
    </form>
  </div>
  <div
    className="container"
  >
    <table
      className="table table-hover table-striped"
    >
      <thead>
        <tr>
          <th>
            ITEM
          </th>
          <th>
            PRICE
          </th>
          <th
            colSpan="4"
          >
            ACTION
          </th>
        </tr>
      </thead>
      <tbody />
    </table>
  </div>
  <ul
    className="pagination justify-content-center"
  >
    <li
      className="page-item"
      style={
        Object {
          "display": "inline-block",
        }
      }
    >
      <a
        className="page-link"
        id={1}
        onClick={[Function]}
      >
        1
      </a>
    </li>
  </ul>
</div>
`;
